
[TestKeystoreParams_BatchedAddFile - 1]
#!/usr/bin/env bash

set -eux

keystore_initialized_flag=/usr/share/elasticsearch/config/elastic-internal-init-keystore.ok

if [[ -f "${keystore_initialized_flag}" ]]; then
    echo "Keystore already initialized."
    exit 0
fi

echo "Initializing keystore."

# create a keystore in the default data path
/usr/share/elasticsearch/bin/elasticsearch-keystore create

# collect all existing secret entries as (setting, path) pairs
add_args=()
for filename in /mnt/elastic-internal/secure-settings/*; do
    [[ -e "$filename" ]] || continue # glob does not match
    add_args+=("$(basename "$filename")" "$filename")
done

# add all entries in a single keystore invocation to amortize JVM startup
if [[ ${#add_args[@]} -gt 0 ]]; then
    echo "Adding $(( ${#add_args[@]} / 2 )) entries to the keystore."
    /usr/share/elasticsearch/bin/elasticsearch-keystore add-file "${add_args[@]}"
fi

touch /usr/share/elasticsearch/config/elastic-internal-init-keystore.ok
echo "Keystore initialization successful."

---
