
[TestKeystoreParams_BatchedAddFile - 1]
#!/usr/bin/env bash

set -eux

keystore_initialized_flag=/usr/share/elasticsearch/config/elastic-internal-init-keystore.ok

if [[ -f "${keystore_initialized_flag}" ]]; then
    echo "Keystore already initialized."
    exit 0
fi

echo "Initializing keystore."

# create a keystore in the default data path
/usr/share/elasticsearch/bin/elasticsearch-keystore create

# collect all existing secret entries as (setting, path) pairs
add_args=()
for filename in /mnt/elastic-internal/secure-settings/*; do
    [[ -e "$filename" ]] || continue # glob does not match
    add_args+=("$(basename "$filename")" "$filename")
done

# Add entries in chunks to amortize JVM startup while staying well below
# the kernel's ARG_MAX / MAX_ARG_STRLEN limits even with very large fleets.
#
# add_args interleaves (setting, path) for each keystore entry, so:
#   ${#add_args[@]}      = total array slots = 2 * number of entries
#   ${#add_args[@]} / 2  = number of entries (human-meaningful count)
#   batch_pairs * 2      = array slots per chunk (we want batch_pairs entries)
# The loop strides through add_args two slots at a time per entry, slicing
# batch_pairs entries into argv per invocation.
batch_pairs=500
if [[ ${#add_args[@]} -gt 0 ]]; then
    echo "Adding $(( ${#add_args[@]} / 2 )) entries to the keystore."
    for (( i = 0; i < ${#add_args[@]}; i += batch_pairs * 2 )); do
        /usr/share/elasticsearch/bin/elasticsearch-keystore add-file "${add_args[@]:i:batch_pairs * 2}"
    done
fi

touch /usr/share/elasticsearch/config/elastic-internal-init-keystore.ok
echo "Keystore initialization successful."

---
